isbi/img/IDRiD_03.jpg isbi/label/IDRiD_03_SE.tif
isbi/img/IDRiD_08.jpg isbi/label/IDRiD_08_SE.tif
isbi/img/IDRiD_13.jpg isbi/label/IDRiD_13_SE.tif
isbi/img/IDRiD_14.jpg isbi/label/IDRiD_14_SE.tif
isbi/img/IDRiD_17.jpg isbi/label/IDRiD_17_SE.tif
isbi/img/IDRiD_18.jpg isbi/label/IDRiD_18_SE.tif
isbi/img/IDRiD_19.jpg isbi/label/IDRiD_19_SE.tif
isbi/img/IDRiD_22.jpg isbi/label/IDRiD_22_SE.tif
isbi/img/IDRiD_23.jpg isbi/label/IDRiD_23_SE.tif
isbi/img/IDRiD_25.jpg isbi/label/IDRiD_25_SE.tif
isbi/img/IDRiD_30.jpg isbi/label/IDRiD_30_SE.tif
isbi/img/IDRiD_31.jpg isbi/label/IDRiD_31_SE.tif
isbi/img/IDRiD_32.jpg isbi/label/IDRiD_32_SE.tif
isbi/img/IDRiD_33.jpg isbi/label/IDRiD_33_SE.tif
isbi/img/IDRiD_35.jpg isbi/label/IDRiD_35_SE.tif
isbi/img/IDRiD_38.jpg isbi/label/IDRiD_38_SE.tif
isbi/img/IDRiD_39.jpg isbi/label/IDRiD_39_SE.tif
isbi/img/IDRiD_46.jpg isbi/label/IDRiD_46_SE.tif
isbi/img/IDRiD_47.jpg isbi/label/IDRiD_47_SE.tif
isbi/img/IDRiD_48.jpg isbi/label/IDRiD_48_SE.tif
isbi/img/IDRiD_49.jpg isbi/label/IDRiD_49_SE.tif
isbi/img/IDRiD_50.jpg isbi/label/IDRiD_50_SE.tif
isbi/img/IDRiD_51.jpg isbi/label/IDRiD_51_SE.tif
isbi/img/IDRiD_52.jpg isbi/label/IDRiD_52_SE.tif
isbi/img/IDRiD_53.jpg isbi/label/IDRiD_53_SE.tif
isbi/img/IDRiD_54.jpg isbi/label/IDRiD_54_SE.tif
isbi/img_90/IDRiD_03.jpg isbi/label_90/IDRiD_03_SE.tif
isbi/img_90/IDRiD_08.jpg isbi/label_90/IDRiD_08_SE.tif
isbi/img_90/IDRiD_13.jpg isbi/label_90/IDRiD_13_SE.tif
isbi/img_90/IDRiD_14.jpg isbi/label_90/IDRiD_14_SE.tif
isbi/img_90/IDRiD_17.jpg isbi/label_90/IDRiD_17_SE.tif
isbi/img_90/IDRiD_18.jpg isbi/label_90/IDRiD_18_SE.tif
isbi/img_90/IDRiD_19.jpg isbi/label_90/IDRiD_19_SE.tif
isbi/img_90/IDRiD_22.jpg isbi/label_90/IDRiD_22_SE.tif
isbi/img_90/IDRiD_23.jpg isbi/label_90/IDRiD_23_SE.tif
isbi/img_90/IDRiD_25.jpg isbi/label_90/IDRiD_25_SE.tif
isbi/img_90/IDRiD_30.jpg isbi/label_90/IDRiD_30_SE.tif
isbi/img_90/IDRiD_31.jpg isbi/label_90/IDRiD_31_SE.tif
isbi/img_90/IDRiD_32.jpg isbi/label_90/IDRiD_32_SE.tif
isbi/img_90/IDRiD_33.jpg isbi/label_90/IDRiD_33_SE.tif
isbi/img_90/IDRiD_35.jpg isbi/label_90/IDRiD_35_SE.tif
isbi/img_90/IDRiD_38.jpg isbi/label_90/IDRiD_38_SE.tif
isbi/img_90/IDRiD_39.jpg isbi/label_90/IDRiD_39_SE.tif
isbi/img_90/IDRiD_46.jpg isbi/label_90/IDRiD_46_SE.tif
isbi/img_90/IDRiD_47.jpg isbi/label_90/IDRiD_47_SE.tif
isbi/img_90/IDRiD_48.jpg isbi/label_90/IDRiD_48_SE.tif
isbi/img_90/IDRiD_49.jpg isbi/label_90/IDRiD_49_SE.tif
isbi/img_90/IDRiD_50.jpg isbi/label_90/IDRiD_50_SE.tif
isbi/img_90/IDRiD_51.jpg isbi/label_90/IDRiD_51_SE.tif
isbi/img_90/IDRiD_52.jpg isbi/label_90/IDRiD_52_SE.tif
isbi/img_90/IDRiD_53.jpg isbi/label_90/IDRiD_53_SE.tif
isbi/img_90/IDRiD_54.jpg isbi/label_90/IDRiD_54_SE.tif
isbi/img_180/IDRiD_03.jpg isbi/label_180/IDRiD_03_SE.tif
isbi/img_180/IDRiD_08.jpg isbi/label_180/IDRiD_08_SE.tif
isbi/img_180/IDRiD_13.jpg isbi/label_180/IDRiD_13_SE.tif
isbi/img_180/IDRiD_14.jpg isbi/label_180/IDRiD_14_SE.tif
isbi/img_180/IDRiD_17.jpg isbi/label_180/IDRiD_17_SE.tif
isbi/img_180/IDRiD_18.jpg isbi/label_180/IDRiD_18_SE.tif
isbi/img_180/IDRiD_19.jpg isbi/label_180/IDRiD_19_SE.tif
isbi/img_180/IDRiD_22.jpg isbi/label_180/IDRiD_22_SE.tif
isbi/img_180/IDRiD_23.jpg isbi/label_180/IDRiD_23_SE.tif
isbi/img_180/IDRiD_25.jpg isbi/label_180/IDRiD_25_SE.tif
isbi/img_180/IDRiD_30.jpg isbi/label_180/IDRiD_30_SE.tif
isbi/img_180/IDRiD_31.jpg isbi/label_180/IDRiD_31_SE.tif
isbi/img_180/IDRiD_32.jpg isbi/label_180/IDRiD_32_SE.tif
isbi/img_180/IDRiD_33.jpg isbi/label_180/IDRiD_33_SE.tif
isbi/img_180/IDRiD_35.jpg isbi/label_180/IDRiD_35_SE.tif
isbi/img_180/IDRiD_38.jpg isbi/label_180/IDRiD_38_SE.tif
isbi/img_180/IDRiD_39.jpg isbi/label_180/IDRiD_39_SE.tif
isbi/img_180/IDRiD_46.jpg isbi/label_180/IDRiD_46_SE.tif
isbi/img_180/IDRiD_47.jpg isbi/label_180/IDRiD_47_SE.tif
isbi/img_180/IDRiD_48.jpg isbi/label_180/IDRiD_48_SE.tif
isbi/img_180/IDRiD_49.jpg isbi/label_180/IDRiD_49_SE.tif
isbi/img_180/IDRiD_50.jpg isbi/label_180/IDRiD_50_SE.tif
isbi/img_180/IDRiD_51.jpg isbi/label_180/IDRiD_51_SE.tif
isbi/img_180/IDRiD_52.jpg isbi/label_180/IDRiD_52_SE.tif
isbi/img_180/IDRiD_53.jpg isbi/label_180/IDRiD_53_SE.tif
isbi/img_180/IDRiD_54.jpg isbi/label_180/IDRiD_54_SE.tif
isbi/img_270/IDRiD_03.jpg isbi/label_270/IDRiD_03_SE.tif
isbi/img_270/IDRiD_08.jpg isbi/label_270/IDRiD_08_SE.tif
isbi/img_270/IDRiD_13.jpg isbi/label_270/IDRiD_13_SE.tif
isbi/img_270/IDRiD_14.jpg isbi/label_270/IDRiD_14_SE.tif
isbi/img_270/IDRiD_17.jpg isbi/label_270/IDRiD_17_SE.tif
isbi/img_270/IDRiD_18.jpg isbi/label_270/IDRiD_18_SE.tif
isbi/img_270/IDRiD_19.jpg isbi/label_270/IDRiD_19_SE.tif
isbi/img_270/IDRiD_22.jpg isbi/label_270/IDRiD_22_SE.tif
isbi/img_270/IDRiD_23.jpg isbi/label_270/IDRiD_23_SE.tif
isbi/img_270/IDRiD_25.jpg isbi/label_270/IDRiD_25_SE.tif
isbi/img_270/IDRiD_30.jpg isbi/label_270/IDRiD_30_SE.tif
isbi/img_270/IDRiD_31.jpg isbi/label_270/IDRiD_31_SE.tif
isbi/img_270/IDRiD_32.jpg isbi/label_270/IDRiD_32_SE.tif
isbi/img_270/IDRiD_33.jpg isbi/label_270/IDRiD_33_SE.tif
isbi/img_270/IDRiD_35.jpg isbi/label_270/IDRiD_35_SE.tif
isbi/img_270/IDRiD_38.jpg isbi/label_270/IDRiD_38_SE.tif
isbi/img_270/IDRiD_39.jpg isbi/label_270/IDRiD_39_SE.tif
isbi/img_270/IDRiD_46.jpg isbi/label_270/IDRiD_46_SE.tif
isbi/img_270/IDRiD_47.jpg isbi/label_270/IDRiD_47_SE.tif
isbi/img_270/IDRiD_48.jpg isbi/label_270/IDRiD_48_SE.tif
isbi/img_270/IDRiD_49.jpg isbi/label_270/IDRiD_49_SE.tif
isbi/img_270/IDRiD_50.jpg isbi/label_270/IDRiD_50_SE.tif
isbi/img_270/IDRiD_51.jpg isbi/label_270/IDRiD_51_SE.tif
isbi/img_270/IDRiD_52.jpg isbi/label_270/IDRiD_52_SE.tif
isbi/img_270/IDRiD_53.jpg isbi/label_270/IDRiD_53_SE.tif
isbi/img_270/IDRiD_54.jpg isbi/label_270/IDRiD_54_SE.tif
isbi/img_mirror1/IDRiD_03.jpg isbi/label_mirror1/IDRiD_03_SE.tif
isbi/img_mirror1/IDRiD_08.jpg isbi/label_mirror1/IDRiD_08_SE.tif
isbi/img_mirror1/IDRiD_13.jpg isbi/label_mirror1/IDRiD_13_SE.tif
isbi/img_mirror1/IDRiD_14.jpg isbi/label_mirror1/IDRiD_14_SE.tif
isbi/img_mirror1/IDRiD_17.jpg isbi/label_mirror1/IDRiD_17_SE.tif
isbi/img_mirror1/IDRiD_18.jpg isbi/label_mirror1/IDRiD_18_SE.tif
isbi/img_mirror1/IDRiD_19.jpg isbi/label_mirror1/IDRiD_19_SE.tif
isbi/img_mirror1/IDRiD_22.jpg isbi/label_mirror1/IDRiD_22_SE.tif
isbi/img_mirror1/IDRiD_23.jpg isbi/label_mirror1/IDRiD_23_SE.tif
isbi/img_mirror1/IDRiD_25.jpg isbi/label_mirror1/IDRiD_25_SE.tif
isbi/img_mirror1/IDRiD_30.jpg isbi/label_mirror1/IDRiD_30_SE.tif
isbi/img_mirror1/IDRiD_31.jpg isbi/label_mirror1/IDRiD_31_SE.tif
isbi/img_mirror1/IDRiD_32.jpg isbi/label_mirror1/IDRiD_32_SE.tif
isbi/img_mirror1/IDRiD_33.jpg isbi/label_mirror1/IDRiD_33_SE.tif
isbi/img_mirror1/IDRiD_35.jpg isbi/label_mirror1/IDRiD_35_SE.tif
isbi/img_mirror1/IDRiD_38.jpg isbi/label_mirror1/IDRiD_38_SE.tif
isbi/img_mirror1/IDRiD_39.jpg isbi/label_mirror1/IDRiD_39_SE.tif
isbi/img_mirror1/IDRiD_46.jpg isbi/label_mirror1/IDRiD_46_SE.tif
isbi/img_mirror1/IDRiD_47.jpg isbi/label_mirror1/IDRiD_47_SE.tif
isbi/img_mirror1/IDRiD_48.jpg isbi/label_mirror1/IDRiD_48_SE.tif
isbi/img_mirror1/IDRiD_49.jpg isbi/label_mirror1/IDRiD_49_SE.tif
isbi/img_mirror1/IDRiD_50.jpg isbi/label_mirror1/IDRiD_50_SE.tif
isbi/img_mirror1/IDRiD_51.jpg isbi/label_mirror1/IDRiD_51_SE.tif
isbi/img_mirror1/IDRiD_52.jpg isbi/label_mirror1/IDRiD_52_SE.tif
isbi/img_mirror1/IDRiD_53.jpg isbi/label_mirror1/IDRiD_53_SE.tif
isbi/img_mirror1/IDRiD_54.jpg isbi/label_mirror1/IDRiD_54_SE.tif
isbi/img_mirror2/IDRiD_03.jpg isbi/label_mirror2/IDRiD_03_SE.tif
isbi/img_mirror2/IDRiD_08.jpg isbi/label_mirror2/IDRiD_08_SE.tif
isbi/img_mirror2/IDRiD_13.jpg isbi/label_mirror2/IDRiD_13_SE.tif
isbi/img_mirror2/IDRiD_14.jpg isbi/label_mirror2/IDRiD_14_SE.tif
isbi/img_mirror2/IDRiD_17.jpg isbi/label_mirror2/IDRiD_17_SE.tif
isbi/img_mirror2/IDRiD_18.jpg isbi/label_mirror2/IDRiD_18_SE.tif
isbi/img_mirror2/IDRiD_19.jpg isbi/label_mirror2/IDRiD_19_SE.tif
isbi/img_mirror2/IDRiD_22.jpg isbi/label_mirror2/IDRiD_22_SE.tif
isbi/img_mirror2/IDRiD_23.jpg isbi/label_mirror2/IDRiD_23_SE.tif
isbi/img_mirror2/IDRiD_25.jpg isbi/label_mirror2/IDRiD_25_SE.tif
isbi/img_mirror2/IDRiD_30.jpg isbi/label_mirror2/IDRiD_30_SE.tif
isbi/img_mirror2/IDRiD_31.jpg isbi/label_mirror2/IDRiD_31_SE.tif
isbi/img_mirror2/IDRiD_32.jpg isbi/label_mirror2/IDRiD_32_SE.tif
isbi/img_mirror2/IDRiD_33.jpg isbi/label_mirror2/IDRiD_33_SE.tif
isbi/img_mirror2/IDRiD_35.jpg isbi/label_mirror2/IDRiD_35_SE.tif
isbi/img_mirror2/IDRiD_38.jpg isbi/label_mirror2/IDRiD_38_SE.tif
isbi/img_mirror2/IDRiD_39.jpg isbi/label_mirror2/IDRiD_39_SE.tif
isbi/img_mirror2/IDRiD_46.jpg isbi/label_mirror2/IDRiD_46_SE.tif
isbi/img_mirror2/IDRiD_47.jpg isbi/label_mirror2/IDRiD_47_SE.tif
isbi/img_mirror2/IDRiD_48.jpg isbi/label_mirror2/IDRiD_48_SE.tif
isbi/img_mirror2/IDRiD_49.jpg isbi/label_mirror2/IDRiD_49_SE.tif
isbi/img_mirror2/IDRiD_50.jpg isbi/label_mirror2/IDRiD_50_SE.tif
isbi/img_mirror2/IDRiD_51.jpg isbi/label_mirror2/IDRiD_51_SE.tif
isbi/img_mirror2/IDRiD_52.jpg isbi/label_mirror2/IDRiD_52_SE.tif
isbi/img_mirror2/IDRiD_53.jpg isbi/label_mirror2/IDRiD_53_SE.tif
isbi/img_mirror2/IDRiD_54.jpg isbi/label_mirror2/IDRiD_54_SE.tif
