isbi/img/IDRiD_01.jpg isbi/label/IDRiD_01_HE.tif
isbi/img/IDRiD_02.jpg isbi/label/IDRiD_02_HE.tif
isbi/img/IDRiD_03.jpg isbi/label/IDRiD_03_HE.tif
isbi/img/IDRiD_04.jpg isbi/label/IDRiD_04_HE.tif
isbi/img/IDRiD_05.jpg isbi/label/IDRiD_05_HE.tif
isbi/img/IDRiD_06.jpg isbi/label/IDRiD_06_HE.tif
isbi/img/IDRiD_07.jpg isbi/label/IDRiD_07_HE.tif
isbi/img/IDRiD_08.jpg isbi/label/IDRiD_08_HE.tif
isbi/img/IDRiD_09.jpg isbi/label/IDRiD_09_HE.tif
isbi/img/IDRiD_10.jpg isbi/label/IDRiD_10_HE.tif
isbi/img/IDRiD_11.jpg isbi/label/IDRiD_11_HE.tif
isbi/img/IDRiD_12.jpg isbi/label/IDRiD_12_HE.tif
isbi/img/IDRiD_13.jpg isbi/label/IDRiD_13_HE.tif
isbi/img/IDRiD_14.jpg isbi/label/IDRiD_14_HE.tif
isbi/img/IDRiD_15.jpg isbi/label/IDRiD_15_HE.tif
isbi/img/IDRiD_16.jpg isbi/label/IDRiD_16_HE.tif
isbi/img/IDRiD_17.jpg isbi/label/IDRiD_17_HE.tif
isbi/img/IDRiD_18.jpg isbi/label/IDRiD_18_HE.tif
isbi/img/IDRiD_19.jpg isbi/label/IDRiD_19_HE.tif
isbi/img/IDRiD_20.jpg isbi/label/IDRiD_20_HE.tif
isbi/img/IDRiD_21.jpg isbi/label/IDRiD_21_HE.tif
isbi/img/IDRiD_22.jpg isbi/label/IDRiD_22_HE.tif
isbi/img/IDRiD_23.jpg isbi/label/IDRiD_23_HE.tif
isbi/img/IDRiD_24.jpg isbi/label/IDRiD_24_HE.tif
isbi/img/IDRiD_25.jpg isbi/label/IDRiD_25_HE.tif
isbi/img/IDRiD_26.jpg isbi/label/IDRiD_26_HE.tif
isbi/img/IDRiD_27.jpg isbi/label/IDRiD_27_HE.tif
isbi/img/IDRiD_28.jpg isbi/label/IDRiD_28_HE.tif
isbi/img/IDRiD_29.jpg isbi/label/IDRiD_29_HE.tif
isbi/img/IDRiD_30.jpg isbi/label/IDRiD_30_HE.tif
isbi/img/IDRiD_31.jpg isbi/label/IDRiD_31_HE.tif
isbi/img/IDRiD_32.jpg isbi/label/IDRiD_32_HE.tif
isbi/img/IDRiD_33.jpg isbi/label/IDRiD_33_HE.tif
isbi/img/IDRiD_34.jpg isbi/label/IDRiD_34_HE.tif
isbi/img/IDRiD_35.jpg isbi/label/IDRiD_35_HE.tif
isbi/img/IDRiD_36.jpg isbi/label/IDRiD_36_HE.tif
isbi/img/IDRiD_37.jpg isbi/label/IDRiD_37_HE.tif
isbi/img/IDRiD_38.jpg isbi/label/IDRiD_38_HE.tif
isbi/img/IDRiD_39.jpg isbi/label/IDRiD_39_HE.tif
isbi/img/IDRiD_40.jpg isbi/label/IDRiD_40_HE.tif
isbi/img/IDRiD_41.jpg isbi/label/IDRiD_41_HE.tif
isbi/img/IDRiD_42.jpg isbi/label/IDRiD_42_HE.tif
isbi/img/IDRiD_44.jpg isbi/label/IDRiD_44_HE.tif
isbi/img/IDRiD_45.jpg isbi/label/IDRiD_45_HE.tif
isbi/img/IDRiD_46.jpg isbi/label/IDRiD_46_HE.tif
isbi/img/IDRiD_47.jpg isbi/label/IDRiD_47_HE.tif
isbi/img/IDRiD_48.jpg isbi/label/IDRiD_48_HE.tif
isbi/img/IDRiD_49.jpg isbi/label/IDRiD_49_HE.tif
isbi/img/IDRiD_50.jpg isbi/label/IDRiD_50_HE.tif
isbi/img/IDRiD_51.jpg isbi/label/IDRiD_51_HE.tif
isbi/img/IDRiD_52.jpg isbi/label/IDRiD_52_HE.tif
isbi/img/IDRiD_53.jpg isbi/label/IDRiD_53_HE.tif
isbi/img/IDRiD_54.jpg isbi/label/IDRiD_54_HE.tif
isbi/img_90/IDRiD_01.jpg isbi/label_90/IDRiD_01_HE.tif
isbi/img_90/IDRiD_02.jpg isbi/label_90/IDRiD_02_HE.tif
isbi/img_90/IDRiD_03.jpg isbi/label_90/IDRiD_03_HE.tif
isbi/img_90/IDRiD_04.jpg isbi/label_90/IDRiD_04_HE.tif
isbi/img_90/IDRiD_05.jpg isbi/label_90/IDRiD_05_HE.tif
isbi/img_90/IDRiD_06.jpg isbi/label_90/IDRiD_06_HE.tif
isbi/img_90/IDRiD_07.jpg isbi/label_90/IDRiD_07_HE.tif
isbi/img_90/IDRiD_08.jpg isbi/label_90/IDRiD_08_HE.tif
isbi/img_90/IDRiD_09.jpg isbi/label_90/IDRiD_09_HE.tif
isbi/img_90/IDRiD_10.jpg isbi/label_90/IDRiD_10_HE.tif
isbi/img_90/IDRiD_11.jpg isbi/label_90/IDRiD_11_HE.tif
isbi/img_90/IDRiD_12.jpg isbi/label_90/IDRiD_12_HE.tif
isbi/img_90/IDRiD_13.jpg isbi/label_90/IDRiD_13_HE.tif
isbi/img_90/IDRiD_14.jpg isbi/label_90/IDRiD_14_HE.tif
isbi/img_90/IDRiD_15.jpg isbi/label_90/IDRiD_15_HE.tif
isbi/img_90/IDRiD_16.jpg isbi/label_90/IDRiD_16_HE.tif
isbi/img_90/IDRiD_17.jpg isbi/label_90/IDRiD_17_HE.tif
isbi/img_90/IDRiD_18.jpg isbi/label_90/IDRiD_18_HE.tif
isbi/img_90/IDRiD_19.jpg isbi/label_90/IDRiD_19_HE.tif
isbi/img_90/IDRiD_20.jpg isbi/label_90/IDRiD_20_HE.tif
isbi/img_90/IDRiD_21.jpg isbi/label_90/IDRiD_21_HE.tif
isbi/img_90/IDRiD_22.jpg isbi/label_90/IDRiD_22_HE.tif
isbi/img_90/IDRiD_23.jpg isbi/label_90/IDRiD_23_HE.tif
isbi/img_90/IDRiD_24.jpg isbi/label_90/IDRiD_24_HE.tif
isbi/img_90/IDRiD_25.jpg isbi/label_90/IDRiD_25_HE.tif
isbi/img_90/IDRiD_26.jpg isbi/label_90/IDRiD_26_HE.tif
isbi/img_90/IDRiD_27.jpg isbi/label_90/IDRiD_27_HE.tif
isbi/img_90/IDRiD_28.jpg isbi/label_90/IDRiD_28_HE.tif
isbi/img_90/IDRiD_29.jpg isbi/label_90/IDRiD_29_HE.tif
isbi/img_90/IDRiD_30.jpg isbi/label_90/IDRiD_30_HE.tif
isbi/img_90/IDRiD_31.jpg isbi/label_90/IDRiD_31_HE.tif
isbi/img_90/IDRiD_32.jpg isbi/label_90/IDRiD_32_HE.tif
isbi/img_90/IDRiD_33.jpg isbi/label_90/IDRiD_33_HE.tif
isbi/img_90/IDRiD_34.jpg isbi/label_90/IDRiD_34_HE.tif
isbi/img_90/IDRiD_35.jpg isbi/label_90/IDRiD_35_HE.tif
isbi/img_90/IDRiD_36.jpg isbi/label_90/IDRiD_36_HE.tif
isbi/img_90/IDRiD_37.jpg isbi/label_90/IDRiD_37_HE.tif
isbi/img_90/IDRiD_38.jpg isbi/label_90/IDRiD_38_HE.tif
isbi/img_90/IDRiD_39.jpg isbi/label_90/IDRiD_39_HE.tif
isbi/img_90/IDRiD_40.jpg isbi/label_90/IDRiD_40_HE.tif
isbi/img_90/IDRiD_41.jpg isbi/label_90/IDRiD_41_HE.tif
isbi/img_90/IDRiD_42.jpg isbi/label_90/IDRiD_42_HE.tif
isbi/img_90/IDRiD_44.jpg isbi/label_90/IDRiD_44_HE.tif
isbi/img_90/IDRiD_45.jpg isbi/label_90/IDRiD_45_HE.tif
isbi/img_90/IDRiD_46.jpg isbi/label_90/IDRiD_46_HE.tif
isbi/img_90/IDRiD_47.jpg isbi/label_90/IDRiD_47_HE.tif
isbi/img_90/IDRiD_48.jpg isbi/label_90/IDRiD_48_HE.tif
isbi/img_90/IDRiD_49.jpg isbi/label_90/IDRiD_49_HE.tif
isbi/img_90/IDRiD_50.jpg isbi/label_90/IDRiD_50_HE.tif
isbi/img_90/IDRiD_51.jpg isbi/label_90/IDRiD_51_HE.tif
isbi/img_90/IDRiD_52.jpg isbi/label_90/IDRiD_52_HE.tif
isbi/img_90/IDRiD_53.jpg isbi/label_90/IDRiD_53_HE.tif
isbi/img_90/IDRiD_54.jpg isbi/label_90/IDRiD_54_HE.tif
isbi/img_180/IDRiD_01.jpg isbi/label_180/IDRiD_01_HE.tif
isbi/img_180/IDRiD_02.jpg isbi/label_180/IDRiD_02_HE.tif
isbi/img_180/IDRiD_03.jpg isbi/label_180/IDRiD_03_HE.tif
isbi/img_180/IDRiD_04.jpg isbi/label_180/IDRiD_04_HE.tif
isbi/img_180/IDRiD_05.jpg isbi/label_180/IDRiD_05_HE.tif
isbi/img_180/IDRiD_06.jpg isbi/label_180/IDRiD_06_HE.tif
isbi/img_180/IDRiD_07.jpg isbi/label_180/IDRiD_07_HE.tif
isbi/img_180/IDRiD_08.jpg isbi/label_180/IDRiD_08_HE.tif
isbi/img_180/IDRiD_09.jpg isbi/label_180/IDRiD_09_HE.tif
isbi/img_180/IDRiD_10.jpg isbi/label_180/IDRiD_10_HE.tif
isbi/img_180/IDRiD_11.jpg isbi/label_180/IDRiD_11_HE.tif
isbi/img_180/IDRiD_12.jpg isbi/label_180/IDRiD_12_HE.tif
isbi/img_180/IDRiD_13.jpg isbi/label_180/IDRiD_13_HE.tif
isbi/img_180/IDRiD_14.jpg isbi/label_180/IDRiD_14_HE.tif
isbi/img_180/IDRiD_15.jpg isbi/label_180/IDRiD_15_HE.tif
isbi/img_180/IDRiD_16.jpg isbi/label_180/IDRiD_16_HE.tif
isbi/img_180/IDRiD_17.jpg isbi/label_180/IDRiD_17_HE.tif
isbi/img_180/IDRiD_18.jpg isbi/label_180/IDRiD_18_HE.tif
isbi/img_180/IDRiD_19.jpg isbi/label_180/IDRiD_19_HE.tif
isbi/img_180/IDRiD_20.jpg isbi/label_180/IDRiD_20_HE.tif
isbi/img_180/IDRiD_21.jpg isbi/label_180/IDRiD_21_HE.tif
isbi/img_180/IDRiD_22.jpg isbi/label_180/IDRiD_22_HE.tif
isbi/img_180/IDRiD_23.jpg isbi/label_180/IDRiD_23_HE.tif
isbi/img_180/IDRiD_24.jpg isbi/label_180/IDRiD_24_HE.tif
isbi/img_180/IDRiD_25.jpg isbi/label_180/IDRiD_25_HE.tif
isbi/img_180/IDRiD_26.jpg isbi/label_180/IDRiD_26_HE.tif
isbi/img_180/IDRiD_27.jpg isbi/label_180/IDRiD_27_HE.tif
isbi/img_180/IDRiD_28.jpg isbi/label_180/IDRiD_28_HE.tif
isbi/img_180/IDRiD_29.jpg isbi/label_180/IDRiD_29_HE.tif
isbi/img_180/IDRiD_30.jpg isbi/label_180/IDRiD_30_HE.tif
isbi/img_180/IDRiD_31.jpg isbi/label_180/IDRiD_31_HE.tif
isbi/img_180/IDRiD_32.jpg isbi/label_180/IDRiD_32_HE.tif
isbi/img_180/IDRiD_33.jpg isbi/label_180/IDRiD_33_HE.tif
isbi/img_180/IDRiD_34.jpg isbi/label_180/IDRiD_34_HE.tif
isbi/img_180/IDRiD_35.jpg isbi/label_180/IDRiD_35_HE.tif
isbi/img_180/IDRiD_36.jpg isbi/label_180/IDRiD_36_HE.tif
isbi/img_180/IDRiD_37.jpg isbi/label_180/IDRiD_37_HE.tif
isbi/img_180/IDRiD_38.jpg isbi/label_180/IDRiD_38_HE.tif
isbi/img_180/IDRiD_39.jpg isbi/label_180/IDRiD_39_HE.tif
isbi/img_180/IDRiD_40.jpg isbi/label_180/IDRiD_40_HE.tif
isbi/img_180/IDRiD_41.jpg isbi/label_180/IDRiD_41_HE.tif
isbi/img_180/IDRiD_42.jpg isbi/label_180/IDRiD_42_HE.tif
isbi/img_180/IDRiD_44.jpg isbi/label_180/IDRiD_44_HE.tif
isbi/img_180/IDRiD_45.jpg isbi/label_180/IDRiD_45_HE.tif
isbi/img_180/IDRiD_46.jpg isbi/label_180/IDRiD_46_HE.tif
isbi/img_180/IDRiD_47.jpg isbi/label_180/IDRiD_47_HE.tif
isbi/img_180/IDRiD_48.jpg isbi/label_180/IDRiD_48_HE.tif
isbi/img_180/IDRiD_49.jpg isbi/label_180/IDRiD_49_HE.tif
isbi/img_180/IDRiD_50.jpg isbi/label_180/IDRiD_50_HE.tif
isbi/img_180/IDRiD_51.jpg isbi/label_180/IDRiD_51_HE.tif
isbi/img_180/IDRiD_52.jpg isbi/label_180/IDRiD_52_HE.tif
isbi/img_180/IDRiD_53.jpg isbi/label_180/IDRiD_53_HE.tif
isbi/img_180/IDRiD_54.jpg isbi/label_180/IDRiD_54_HE.tif
isbi/img_270/IDRiD_01.jpg isbi/label_270/IDRiD_01_HE.tif
isbi/img_270/IDRiD_02.jpg isbi/label_270/IDRiD_02_HE.tif
isbi/img_270/IDRiD_03.jpg isbi/label_270/IDRiD_03_HE.tif
isbi/img_270/IDRiD_04.jpg isbi/label_270/IDRiD_04_HE.tif
isbi/img_270/IDRiD_05.jpg isbi/label_270/IDRiD_05_HE.tif
isbi/img_270/IDRiD_06.jpg isbi/label_270/IDRiD_06_HE.tif
isbi/img_270/IDRiD_07.jpg isbi/label_270/IDRiD_07_HE.tif
isbi/img_270/IDRiD_08.jpg isbi/label_270/IDRiD_08_HE.tif
isbi/img_270/IDRiD_09.jpg isbi/label_270/IDRiD_09_HE.tif
isbi/img_270/IDRiD_10.jpg isbi/label_270/IDRiD_10_HE.tif
isbi/img_270/IDRiD_11.jpg isbi/label_270/IDRiD_11_HE.tif
isbi/img_270/IDRiD_12.jpg isbi/label_270/IDRiD_12_HE.tif
isbi/img_270/IDRiD_13.jpg isbi/label_270/IDRiD_13_HE.tif
isbi/img_270/IDRiD_14.jpg isbi/label_270/IDRiD_14_HE.tif
isbi/img_270/IDRiD_15.jpg isbi/label_270/IDRiD_15_HE.tif
isbi/img_270/IDRiD_16.jpg isbi/label_270/IDRiD_16_HE.tif
isbi/img_270/IDRiD_17.jpg isbi/label_270/IDRiD_17_HE.tif
isbi/img_270/IDRiD_18.jpg isbi/label_270/IDRiD_18_HE.tif
isbi/img_270/IDRiD_19.jpg isbi/label_270/IDRiD_19_HE.tif
isbi/img_270/IDRiD_20.jpg isbi/label_270/IDRiD_20_HE.tif
isbi/img_270/IDRiD_21.jpg isbi/label_270/IDRiD_21_HE.tif
isbi/img_270/IDRiD_22.jpg isbi/label_270/IDRiD_22_HE.tif
isbi/img_270/IDRiD_23.jpg isbi/label_270/IDRiD_23_HE.tif
isbi/img_270/IDRiD_24.jpg isbi/label_270/IDRiD_24_HE.tif
isbi/img_270/IDRiD_25.jpg isbi/label_270/IDRiD_25_HE.tif
isbi/img_270/IDRiD_26.jpg isbi/label_270/IDRiD_26_HE.tif
isbi/img_270/IDRiD_27.jpg isbi/label_270/IDRiD_27_HE.tif
isbi/img_270/IDRiD_28.jpg isbi/label_270/IDRiD_28_HE.tif
isbi/img_270/IDRiD_29.jpg isbi/label_270/IDRiD_29_HE.tif
isbi/img_270/IDRiD_30.jpg isbi/label_270/IDRiD_30_HE.tif
isbi/img_270/IDRiD_31.jpg isbi/label_270/IDRiD_31_HE.tif
isbi/img_270/IDRiD_32.jpg isbi/label_270/IDRiD_32_HE.tif
isbi/img_270/IDRiD_33.jpg isbi/label_270/IDRiD_33_HE.tif
isbi/img_270/IDRiD_34.jpg isbi/label_270/IDRiD_34_HE.tif
isbi/img_270/IDRiD_35.jpg isbi/label_270/IDRiD_35_HE.tif
isbi/img_270/IDRiD_36.jpg isbi/label_270/IDRiD_36_HE.tif
isbi/img_270/IDRiD_37.jpg isbi/label_270/IDRiD_37_HE.tif
isbi/img_270/IDRiD_38.jpg isbi/label_270/IDRiD_38_HE.tif
isbi/img_270/IDRiD_39.jpg isbi/label_270/IDRiD_39_HE.tif
isbi/img_270/IDRiD_40.jpg isbi/label_270/IDRiD_40_HE.tif
isbi/img_270/IDRiD_41.jpg isbi/label_270/IDRiD_41_HE.tif
isbi/img_270/IDRiD_42.jpg isbi/label_270/IDRiD_42_HE.tif
isbi/img_270/IDRiD_44.jpg isbi/label_270/IDRiD_44_HE.tif
isbi/img_270/IDRiD_45.jpg isbi/label_270/IDRiD_45_HE.tif
isbi/img_270/IDRiD_46.jpg isbi/label_270/IDRiD_46_HE.tif
isbi/img_270/IDRiD_47.jpg isbi/label_270/IDRiD_47_HE.tif
isbi/img_270/IDRiD_48.jpg isbi/label_270/IDRiD_48_HE.tif
isbi/img_270/IDRiD_49.jpg isbi/label_270/IDRiD_49_HE.tif
isbi/img_270/IDRiD_50.jpg isbi/label_270/IDRiD_50_HE.tif
isbi/img_270/IDRiD_51.jpg isbi/label_270/IDRiD_51_HE.tif
isbi/img_270/IDRiD_52.jpg isbi/label_270/IDRiD_52_HE.tif
isbi/img_270/IDRiD_53.jpg isbi/label_270/IDRiD_53_HE.tif
isbi/img_270/IDRiD_54.jpg isbi/label_270/IDRiD_54_HE.tif
isbi/img_mirror1/IDRiD_01.jpg isbi/label_mirror1/IDRiD_01_HE.tif
isbi/img_mirror1/IDRiD_02.jpg isbi/label_mirror1/IDRiD_02_HE.tif
isbi/img_mirror1/IDRiD_03.jpg isbi/label_mirror1/IDRiD_03_HE.tif
isbi/img_mirror1/IDRiD_04.jpg isbi/label_mirror1/IDRiD_04_HE.tif
isbi/img_mirror1/IDRiD_05.jpg isbi/label_mirror1/IDRiD_05_HE.tif
isbi/img_mirror1/IDRiD_06.jpg isbi/label_mirror1/IDRiD_06_HE.tif
isbi/img_mirror1/IDRiD_07.jpg isbi/label_mirror1/IDRiD_07_HE.tif
isbi/img_mirror1/IDRiD_08.jpg isbi/label_mirror1/IDRiD_08_HE.tif
isbi/img_mirror1/IDRiD_09.jpg isbi/label_mirror1/IDRiD_09_HE.tif
isbi/img_mirror1/IDRiD_10.jpg isbi/label_mirror1/IDRiD_10_HE.tif
isbi/img_mirror1/IDRiD_11.jpg isbi/label_mirror1/IDRiD_11_HE.tif
isbi/img_mirror1/IDRiD_12.jpg isbi/label_mirror1/IDRiD_12_HE.tif
isbi/img_mirror1/IDRiD_13.jpg isbi/label_mirror1/IDRiD_13_HE.tif
isbi/img_mirror1/IDRiD_14.jpg isbi/label_mirror1/IDRiD_14_HE.tif
isbi/img_mirror1/IDRiD_15.jpg isbi/label_mirror1/IDRiD_15_HE.tif
isbi/img_mirror1/IDRiD_16.jpg isbi/label_mirror1/IDRiD_16_HE.tif
isbi/img_mirror1/IDRiD_17.jpg isbi/label_mirror1/IDRiD_17_HE.tif
isbi/img_mirror1/IDRiD_18.jpg isbi/label_mirror1/IDRiD_18_HE.tif
isbi/img_mirror1/IDRiD_19.jpg isbi/label_mirror1/IDRiD_19_HE.tif
isbi/img_mirror1/IDRiD_20.jpg isbi/label_mirror1/IDRiD_20_HE.tif
isbi/img_mirror1/IDRiD_21.jpg isbi/label_mirror1/IDRiD_21_HE.tif
isbi/img_mirror1/IDRiD_22.jpg isbi/label_mirror1/IDRiD_22_HE.tif
isbi/img_mirror1/IDRiD_23.jpg isbi/label_mirror1/IDRiD_23_HE.tif
isbi/img_mirror1/IDRiD_24.jpg isbi/label_mirror1/IDRiD_24_HE.tif
isbi/img_mirror1/IDRiD_25.jpg isbi/label_mirror1/IDRiD_25_HE.tif
isbi/img_mirror1/IDRiD_26.jpg isbi/label_mirror1/IDRiD_26_HE.tif
isbi/img_mirror1/IDRiD_27.jpg isbi/label_mirror1/IDRiD_27_HE.tif
isbi/img_mirror1/IDRiD_28.jpg isbi/label_mirror1/IDRiD_28_HE.tif
isbi/img_mirror1/IDRiD_29.jpg isbi/label_mirror1/IDRiD_29_HE.tif
isbi/img_mirror1/IDRiD_30.jpg isbi/label_mirror1/IDRiD_30_HE.tif
isbi/img_mirror1/IDRiD_31.jpg isbi/label_mirror1/IDRiD_31_HE.tif
isbi/img_mirror1/IDRiD_32.jpg isbi/label_mirror1/IDRiD_32_HE.tif
isbi/img_mirror1/IDRiD_33.jpg isbi/label_mirror1/IDRiD_33_HE.tif
isbi/img_mirror1/IDRiD_34.jpg isbi/label_mirror1/IDRiD_34_HE.tif
isbi/img_mirror1/IDRiD_35.jpg isbi/label_mirror1/IDRiD_35_HE.tif
isbi/img_mirror1/IDRiD_36.jpg isbi/label_mirror1/IDRiD_36_HE.tif
isbi/img_mirror1/IDRiD_37.jpg isbi/label_mirror1/IDRiD_37_HE.tif
isbi/img_mirror1/IDRiD_38.jpg isbi/label_mirror1/IDRiD_38_HE.tif
isbi/img_mirror1/IDRiD_39.jpg isbi/label_mirror1/IDRiD_39_HE.tif
isbi/img_mirror1/IDRiD_40.jpg isbi/label_mirror1/IDRiD_40_HE.tif
isbi/img_mirror1/IDRiD_41.jpg isbi/label_mirror1/IDRiD_41_HE.tif
isbi/img_mirror1/IDRiD_42.jpg isbi/label_mirror1/IDRiD_42_HE.tif
isbi/img_mirror1/IDRiD_44.jpg isbi/label_mirror1/IDRiD_44_HE.tif
isbi/img_mirror1/IDRiD_45.jpg isbi/label_mirror1/IDRiD_45_HE.tif
isbi/img_mirror1/IDRiD_46.jpg isbi/label_mirror1/IDRiD_46_HE.tif
isbi/img_mirror1/IDRiD_47.jpg isbi/label_mirror1/IDRiD_47_HE.tif
isbi/img_mirror1/IDRiD_48.jpg isbi/label_mirror1/IDRiD_48_HE.tif
isbi/img_mirror1/IDRiD_49.jpg isbi/label_mirror1/IDRiD_49_HE.tif
isbi/img_mirror1/IDRiD_50.jpg isbi/label_mirror1/IDRiD_50_HE.tif
isbi/img_mirror1/IDRiD_51.jpg isbi/label_mirror1/IDRiD_51_HE.tif
isbi/img_mirror1/IDRiD_52.jpg isbi/label_mirror1/IDRiD_52_HE.tif
isbi/img_mirror1/IDRiD_53.jpg isbi/label_mirror1/IDRiD_53_HE.tif
isbi/img_mirror1/IDRiD_54.jpg isbi/label_mirror1/IDRiD_54_HE.tif
isbi/img_mirror2/IDRiD_01.jpg isbi/label_mirror2/IDRiD_01_HE.tif
isbi/img_mirror2/IDRiD_02.jpg isbi/label_mirror2/IDRiD_02_HE.tif
isbi/img_mirror2/IDRiD_03.jpg isbi/label_mirror2/IDRiD_03_HE.tif
isbi/img_mirror2/IDRiD_04.jpg isbi/label_mirror2/IDRiD_04_HE.tif
isbi/img_mirror2/IDRiD_05.jpg isbi/label_mirror2/IDRiD_05_HE.tif
isbi/img_mirror2/IDRiD_06.jpg isbi/label_mirror2/IDRiD_06_HE.tif
isbi/img_mirror2/IDRiD_07.jpg isbi/label_mirror2/IDRiD_07_HE.tif
isbi/img_mirror2/IDRiD_08.jpg isbi/label_mirror2/IDRiD_08_HE.tif
isbi/img_mirror2/IDRiD_09.jpg isbi/label_mirror2/IDRiD_09_HE.tif
isbi/img_mirror2/IDRiD_10.jpg isbi/label_mirror2/IDRiD_10_HE.tif
isbi/img_mirror2/IDRiD_11.jpg isbi/label_mirror2/IDRiD_11_HE.tif
isbi/img_mirror2/IDRiD_12.jpg isbi/label_mirror2/IDRiD_12_HE.tif
isbi/img_mirror2/IDRiD_13.jpg isbi/label_mirror2/IDRiD_13_HE.tif
isbi/img_mirror2/IDRiD_14.jpg isbi/label_mirror2/IDRiD_14_HE.tif
isbi/img_mirror2/IDRiD_15.jpg isbi/label_mirror2/IDRiD_15_HE.tif
isbi/img_mirror2/IDRiD_16.jpg isbi/label_mirror2/IDRiD_16_HE.tif
isbi/img_mirror2/IDRiD_17.jpg isbi/label_mirror2/IDRiD_17_HE.tif
isbi/img_mirror2/IDRiD_18.jpg isbi/label_mirror2/IDRiD_18_HE.tif
isbi/img_mirror2/IDRiD_19.jpg isbi/label_mirror2/IDRiD_19_HE.tif
isbi/img_mirror2/IDRiD_20.jpg isbi/label_mirror2/IDRiD_20_HE.tif
isbi/img_mirror2/IDRiD_21.jpg isbi/label_mirror2/IDRiD_21_HE.tif
isbi/img_mirror2/IDRiD_22.jpg isbi/label_mirror2/IDRiD_22_HE.tif
isbi/img_mirror2/IDRiD_23.jpg isbi/label_mirror2/IDRiD_23_HE.tif
isbi/img_mirror2/IDRiD_24.jpg isbi/label_mirror2/IDRiD_24_HE.tif
isbi/img_mirror2/IDRiD_25.jpg isbi/label_mirror2/IDRiD_25_HE.tif
isbi/img_mirror2/IDRiD_26.jpg isbi/label_mirror2/IDRiD_26_HE.tif
isbi/img_mirror2/IDRiD_27.jpg isbi/label_mirror2/IDRiD_27_HE.tif
isbi/img_mirror2/IDRiD_28.jpg isbi/label_mirror2/IDRiD_28_HE.tif
isbi/img_mirror2/IDRiD_29.jpg isbi/label_mirror2/IDRiD_29_HE.tif
isbi/img_mirror2/IDRiD_30.jpg isbi/label_mirror2/IDRiD_30_HE.tif
isbi/img_mirror2/IDRiD_31.jpg isbi/label_mirror2/IDRiD_31_HE.tif
isbi/img_mirror2/IDRiD_32.jpg isbi/label_mirror2/IDRiD_32_HE.tif
isbi/img_mirror2/IDRiD_33.jpg isbi/label_mirror2/IDRiD_33_HE.tif
isbi/img_mirror2/IDRiD_34.jpg isbi/label_mirror2/IDRiD_34_HE.tif
isbi/img_mirror2/IDRiD_35.jpg isbi/label_mirror2/IDRiD_35_HE.tif
isbi/img_mirror2/IDRiD_36.jpg isbi/label_mirror2/IDRiD_36_HE.tif
isbi/img_mirror2/IDRiD_37.jpg isbi/label_mirror2/IDRiD_37_HE.tif
isbi/img_mirror2/IDRiD_38.jpg isbi/label_mirror2/IDRiD_38_HE.tif
isbi/img_mirror2/IDRiD_39.jpg isbi/label_mirror2/IDRiD_39_HE.tif
isbi/img_mirror2/IDRiD_40.jpg isbi/label_mirror2/IDRiD_40_HE.tif
isbi/img_mirror2/IDRiD_41.jpg isbi/label_mirror2/IDRiD_41_HE.tif
isbi/img_mirror2/IDRiD_42.jpg isbi/label_mirror2/IDRiD_42_HE.tif
isbi/img_mirror2/IDRiD_44.jpg isbi/label_mirror2/IDRiD_44_HE.tif
isbi/img_mirror2/IDRiD_45.jpg isbi/label_mirror2/IDRiD_45_HE.tif
isbi/img_mirror2/IDRiD_46.jpg isbi/label_mirror2/IDRiD_46_HE.tif
isbi/img_mirror2/IDRiD_47.jpg isbi/label_mirror2/IDRiD_47_HE.tif
isbi/img_mirror2/IDRiD_48.jpg isbi/label_mirror2/IDRiD_48_HE.tif
isbi/img_mirror2/IDRiD_49.jpg isbi/label_mirror2/IDRiD_49_HE.tif
isbi/img_mirror2/IDRiD_50.jpg isbi/label_mirror2/IDRiD_50_HE.tif
isbi/img_mirror2/IDRiD_51.jpg isbi/label_mirror2/IDRiD_51_HE.tif
isbi/img_mirror2/IDRiD_52.jpg isbi/label_mirror2/IDRiD_52_HE.tif
isbi/img_mirror2/IDRiD_53.jpg isbi/label_mirror2/IDRiD_53_HE.tif
isbi/img_mirror2/IDRiD_54.jpg isbi/label_mirror2/IDRiD_54_HE.tif
